// Jest Snapshot v1, https://goo.gl/fbAQLP

exports[`toInteger toInteger2018 basic 1`] = `"No default value"`;
